{
  "check000": "R^{a}_{b c d}",
  "check001": "3\\partial_{e}(R^{a}_{b c d})",
  "check002": "9\\partial_{f e}(R^{a}_{b c d})-R^{a}_{c e g} R^{g}_{b f d}-R^{a}_{c f g} R^{g}_{b e d}",
  "check003": "6\\partial_{g f e}(R^{a}_{b c d})-R^{h}_{b g d} \\partial_{e}(R^{a}_{c f h})-R^{h}_{b f d} \\partial_{e}(R^{a}_{c g h})-R^{a}_{c e h} \\partial_{f}(R^{h}_{b g d})-R^{h}_{b e d} \\partial_{f}(R^{a}_{c g h})-R^{a}_{c f h} \\partial_{e}(R^{h}_{b g d})-R^{a}_{c g h} \\partial_{e}(R^{h}_{b f d})",
  "check004": "180\\partial_{h g f e}(R^{a}_{b c d})-36R^{i}_{b g d} \\partial_{h e}(R^{a}_{c f i}) + 4R^{a}_{f e i} R^{i}_{c h j} R^{j}_{b g d} + 4R^{a}_{f h i} R^{i}_{c e j} R^{j}_{b g d}-72R^{i}_{b f d} \\partial_{h e}(R^{a}_{c g i}) + 8R^{a}_{g e i} R^{i}_{c h j} R^{j}_{b f d} + 8R^{a}_{g h i} R^{i}_{c e j} R^{j}_{b f d}-45\\partial_{e}(R^{a}_{c f i}) \\partial_{g}(R^{i}_{b h d})-45\\partial_{e}(R^{a}_{c g i}) \\partial_{f}(R^{i}_{b h d})-45\\partial_{e}(R^{a}_{c h i}) \\partial_{f}(R^{i}_{b g d})-36R^{a}_{c e i} \\partial_{h f}(R^{i}_{b g d}) + 4R^{a}_{c e i} R^{i}_{g f j} R^{j}_{b h d} + 4R^{a}_{c e i} R^{i}_{g h j} R^{j}_{b f d}-36R^{i}_{b e d} \\partial_{h f}(R^{a}_{c g i}) + 4R^{a}_{g f i} R^{i}_{c h j} R^{j}_{b e d} + 4R^{a}_{g h i} R^{i}_{c f j} R^{j}_{b e d}-45\\partial_{f}(R^{a}_{c g i}) \\partial_{e}(R^{i}_{b h d})-45\\partial_{f}(R^{a}_{c h i}) \\partial_{e}(R^{i}_{b g d})-72R^{a}_{c f i} \\partial_{h e}(R^{i}_{b g d}) + 8R^{a}_{c f i} R^{i}_{g e j} R^{j}_{b h d} + 8R^{a}_{c f i} R^{i}_{g h j} R^{j}_{b e d}-45\\partial_{g}(R^{a}_{c h i}) \\partial_{e}(R^{i}_{b f d})-36R^{a}_{c g i} \\partial_{h e}(R^{i}_{b f d}) + 4R^{a}_{c g i} R^{i}_{f e j} R^{j}_{b h d} + 4R^{a}_{c g i} R^{i}_{f h j} R^{j}_{b e d}"
}
