{
  "check000": "x^{a}",
  "check001": "x^{b} x^{c} \\Gamma^{a}_{b c}",
  "check002": "x^{b} x^{c} x^{d} (\\Gamma^{a}_{b e} \\Gamma^{e}_{c d} + \\partial_{b}(\\Gamma^{a}_{c d}))",
  "check003": "x^{b} x^{c} x^{d} x^{e} (2\\Gamma^{a}_{b f} \\partial_{c}(\\Gamma^{f}_{d e}) + \\Gamma^{a}_{f g} \\Gamma^{f}_{b c} \\Gamma^{g}_{d e} + \\Gamma^{f}_{b c} \\partial_{f}(\\Gamma^{a}_{d e}) + \\partial_{b c}(\\Gamma^{a}_{d e}))",
  "check004": "x^{b} x^{c} x^{d} x^{e} x^{f} (-4\\Gamma^{a}_{b g} \\Gamma^{g}_{c h} \\Gamma^{h}_{d i} \\Gamma^{i}_{e f} + 2\\Gamma^{a}_{b g} \\Gamma^{g}_{c h} \\partial_{d}(\\Gamma^{h}_{e f}) + 3\\Gamma^{a}_{b g} \\Gamma^{g}_{h i} \\Gamma^{h}_{c d} \\Gamma^{i}_{e f}-6\\Gamma^{a}_{b g} \\Gamma^{h}_{c d} \\partial_{e}(\\Gamma^{g}_{f h}) + 6\\Gamma^{a}_{b g} \\Gamma^{h}_{c d} \\partial_{h}(\\Gamma^{g}_{e f}) + 9\\Gamma^{a}_{b g} \\partial_{c d}(\\Gamma^{g}_{e f}) + 4\\Gamma^{a}_{g h} \\Gamma^{g}_{b c} \\Gamma^{h}_{d i} \\Gamma^{i}_{e f} + 13\\Gamma^{a}_{g h} \\Gamma^{g}_{b c} \\partial_{d}(\\Gamma^{h}_{e f})-4\\Gamma^{g}_{b c} \\Gamma^{h}_{d g} \\partial_{e}(\\Gamma^{a}_{f h}) + \\Gamma^{g}_{b c} \\Gamma^{h}_{d g} \\partial_{h}(\\Gamma^{a}_{e f}) + 2\\partial_{b}(\\Gamma^{a}_{c g}) \\partial_{d}(\\Gamma^{g}_{e f}) + 7\\partial_{g}(\\Gamma^{a}_{b c}) \\partial_{d}(\\Gamma^{g}_{e f}) + 3\\Gamma^{g}_{b c} \\Gamma^{h}_{d e} \\partial_{f}(\\Gamma^{a}_{g h}) + 3\\Gamma^{g}_{b c} \\Gamma^{h}_{d e} \\partial_{g}(\\Gamma^{a}_{f h})-3\\Gamma^{g}_{b c} \\partial_{d e}(\\Gamma^{a}_{f g}) + 6\\Gamma^{g}_{b c} \\partial_{d g}(\\Gamma^{a}_{e f}) + 3\\partial_{b c d}(\\Gamma^{a}_{e f}))"
}
