{
  "check000": " 2/3 x^{d} g^{a e} R_{b d c e} +  1/12 x^{d} x^{e} (2g^{a f} \\nabla_{b}(R_{c d e f}) + 4g^{a f} \\nabla_{d}(R_{b e c f}) + g^{a f} \\nabla_{f}(R_{b d c e}))",
  "check001": " 1/2 x^{e} g^{a f} \\nabla_{b}(R_{c e d f})",
  "check002": " 2/3 x^{d} g^{a e} R_{b d c e} +  1/12 x^{d} x^{e} (2g^{a f} \\nabla_{b}(R_{c d e f}) + 4g^{a f} \\nabla_{d}(R_{b e c f}) + g^{a f} \\nabla_{f}(R_{b d c e})) +  1/360 x^{d} x^{e} x^{f} (64g^{a g} g^{h i} R_{b d c h} R_{e g f i}-32g^{a g} g^{h i} R_{b d e h} R_{c g f i}-16g^{a g} g^{h i} R_{b d e h} R_{c i f g} + 18g^{a g} \\nabla_{b d}(R_{c e f g}) + 18g^{a g} \\nabla_{d b}(R_{c e f g}) + 36g^{a g} \\nabla_{d e}(R_{b f c g})-16g^{a g} g^{h i} R_{b d e h} R_{c f g i} + 9g^{a g} \\nabla_{g d}(R_{b e c f}) + 9g^{a g} \\nabla_{d g}(R_{b e c f})) +  1/180 x^{d} x^{e} x^{f} x^{g} (16g^{a h} g^{i j} R_{b d c i} \\nabla_{e}(R_{f h g j}) + 6g^{a h} g^{i j} R_{d h e i} \\nabla_{b}(R_{c f g j}) + 16g^{a h} g^{i j} R_{d h e i} \\nabla_{f}(R_{b g c j}) + 5g^{a h} g^{i j} R_{d h e i} \\nabla_{j}(R_{b f c g})-8g^{a h} g^{i j} R_{b h d i} \\nabla_{e}(R_{c f g j})-4g^{a h} g^{i j} R_{b i d h} \\nabla_{e}(R_{c f g j})-4g^{a h} g^{i j} R_{b d e i} \\nabla_{c}(R_{f h g j})-8g^{a h} g^{i j} R_{b d e i} \\nabla_{f}(R_{c h g j})-4g^{a h} g^{i j} R_{b d e i} \\nabla_{f}(R_{c j g h}) + 2g^{a h} \\nabla_{b d e}(R_{c f g h}) + 2g^{a h} \\nabla_{d b e}(R_{c f g h}) + 2g^{a h} \\nabla_{d e b}(R_{c f g h}) + 4g^{a h} \\nabla_{d e f}(R_{b g c h})-4g^{a h} g^{i j} R_{b d h i} \\nabla_{e}(R_{c f g j})-4g^{a h} g^{i j} R_{b d e i} \\nabla_{h}(R_{c f g j})-4g^{a h} g^{i j} R_{b d e i} \\nabla_{f}(R_{c g h j}) + g^{a h} \\nabla_{h d e}(R_{b f c g}) + g^{a h} \\nabla_{d h e}(R_{b f c g}) + g^{a h} \\nabla_{d e h}(R_{b f c g}))",
  "check003": " 1/2 x^{e} g^{a f} \\nabla_{b}(R_{c e d f}) +  1/120 x^{e} x^{f} (64g^{a g} g^{h i} R_{b e c h} R_{d g f i} + 16g^{a g} g^{h i} R_{b e c h} R_{d i f g}-16g^{a g} g^{h i} R_{b e f h} R_{c g d i} + 12g^{a g} \\nabla_{b c}(R_{d e f g}) + 18g^{a g} \\nabla_{b e}(R_{c f d g}) + 18g^{a g} \\nabla_{e b}(R_{c f d g}) + 48g^{a g} g^{h i} R_{b e c h} R_{d f g i} + 3g^{a g} \\nabla_{g b}(R_{c e d f}) + 3g^{a g} \\nabla_{b g}(R_{c e d f})) +  1/180 x^{e} x^{f} x^{g} (32g^{a h} g^{i j} R_{b e c i} \\nabla_{d}(R_{f h g j}) + 48g^{a h} g^{i j} R_{b e c i} \\nabla_{f}(R_{d h g j}) + 12g^{a h} g^{i j} R_{b e c i} \\nabla_{f}(R_{d j g h}) + 18g^{a h} g^{i j} R_{b h e i} \\nabla_{c}(R_{d f g j}) + 2g^{a h} g^{i j} R_{b i e h} \\nabla_{c}(R_{d f g j}) + 22g^{a h} g^{i j} R_{e h f i} \\nabla_{b}(R_{c g d j}) + 48g^{a h} g^{i j} R_{b h e i} \\nabla_{f}(R_{c g d j}) + 12g^{a h} g^{i j} R_{b i e h} \\nabla_{f}(R_{c g d j}) + 15g^{a h} g^{i j} R_{b h e i} \\nabla_{j}(R_{c f d g}) + 5g^{a h} g^{i j} R_{b i e h} \\nabla_{j}(R_{c f d g})-12g^{a h} g^{i j} R_{b h c i} \\nabla_{e}(R_{d f g j})-12g^{a h} g^{i j} R_{b e f i} \\nabla_{c}(R_{d h g j})-8g^{a h} g^{i j} R_{b e f i} \\nabla_{c}(R_{d j g h})-12g^{a h} g^{i j} R_{b e f i} \\nabla_{g}(R_{c h d j}) + 4g^{a h} \\nabla_{b c e}(R_{d f g h}) + 4g^{a h} \\nabla_{b e c}(R_{d f g h}) + 6g^{a h} \\nabla_{b e f}(R_{c g d h}) + 4g^{a h} \\nabla_{e b c}(R_{d f g h}) + 6g^{a h} \\nabla_{e b f}(R_{c g d h}) + 6g^{a h} \\nabla_{e f b}(R_{c g d h}) + 16g^{a h} g^{i j} R_{b e h i} \\nabla_{c}(R_{d f g j}) + 36g^{a h} g^{i j} R_{b e h i} \\nabla_{f}(R_{c g d j}) + 16g^{a h} g^{i j} R_{b e c i} \\nabla_{h}(R_{d f g j})-4g^{a h} g^{i j} R_{b e f i} \\nabla_{h}(R_{c g d j}) + 36g^{a h} g^{i j} R_{b e c i} \\nabla_{f}(R_{d g h j})-4g^{a h} g^{i j} R_{b e f i} \\nabla_{c}(R_{d g h j}) + g^{a h} \\nabla_{h b e}(R_{c f d g}) + g^{a h} \\nabla_{h e b}(R_{c f d g}) + g^{a h} \\nabla_{b h e}(R_{c f d g}) + g^{a h} \\nabla_{e h b}(R_{c f d g}) + g^{a h} \\nabla_{b e h}(R_{c f d g}) + g^{a h} \\nabla_{e b h}(R_{c f d g})-20g^{a h} g^{i j} R_{b e c i} \\nabla_{j}(R_{d f g h}) + 10g^{a h} g^{i j} R_{b e h i} \\nabla_{j}(R_{c f d g}))",
  "check004": " 1/15 x^{f} (8g^{a g} g^{h i} R_{b f c h} R_{d g e i} + 6g^{a g} \\nabla_{b c}(R_{d f e g})) +  1/90 x^{f} x^{g} (64g^{a h} g^{i j} R_{b f c i} \\nabla_{d}(R_{e h g j}) + 18g^{a h} g^{i j} R_{b f c i} \\nabla_{d}(R_{e j g h}) + 24g^{a h} g^{i j} R_{b f c i} \\nabla_{g}(R_{d h e j}) + 4g^{a h} g^{i j} R_{b h c i} \\nabla_{d}(R_{e f g j}) + 44g^{a h} g^{i j} R_{b h f i} \\nabla_{c}(R_{d g e j}) + 18g^{a h} g^{i j} R_{b i f h} \\nabla_{c}(R_{d g e j}) + 24g^{a h} g^{i j} R_{b h c i} \\nabla_{f}(R_{d g e j}) + 10g^{a h} g^{i j} R_{b h c i} \\nabla_{j}(R_{d f e g})-16g^{a h} g^{i j} R_{b f g i} \\nabla_{c}(R_{d h e j}) + 6g^{a h} \\nabla_{b c d}(R_{e f g h}) + 8g^{a h} \\nabla_{b c f}(R_{d g e h}) + 8g^{a h} \\nabla_{b f c}(R_{d g e h}) + 8g^{a h} \\nabla_{f b c}(R_{d g e h}) + 26g^{a h} g^{i j} R_{b f h i} \\nabla_{c}(R_{d g e j}) + 6g^{a h} g^{i j} R_{b f c i} \\nabla_{h}(R_{d g e j}) + 46g^{a h} g^{i j} R_{b f c i} \\nabla_{d}(R_{e g h j}) + g^{a h} \\nabla_{h b c}(R_{d f e g}) + g^{a h} \\nabla_{b h c}(R_{d f e g}) + g^{a h} \\nabla_{b c h}(R_{d f e g})-40g^{a h} g^{i j} R_{b f c i} \\nabla_{j}(R_{d g e h}))",
  "check005": " 1/3 x^{g} (3g^{a h} g^{i j} R_{b g c i} \\nabla_{d}(R_{e h f j}) + 3g^{a h} g^{i j} R_{b h c i} \\nabla_{d}(R_{e g f j}) + g^{a h} \\nabla_{b c d}(R_{e g f h}))",
  "check006": "240x^{d} g^{a e} R_{b d c e} + 30x^{d} x^{e} (2g^{a f} \\nabla_{b}(R_{c d e f}) + 4g^{a f} \\nabla_{d}(R_{b e c f}) + g^{a f} \\nabla_{f}(R_{b d c e})) + x^{d} x^{e} x^{f} (64g^{a g} g^{h i} R_{b d c h} R_{e g f i}-32g^{a g} g^{h i} R_{b d e h} R_{c g f i}-16g^{a g} g^{h i} R_{b d e h} R_{c i f g} + 18g^{a g} \\nabla_{b d}(R_{c e f g}) + 18g^{a g} \\nabla_{d b}(R_{c e f g}) + 36g^{a g} \\nabla_{d e}(R_{b f c g})-16g^{a g} g^{h i} R_{b d e h} R_{c f g i} + 9g^{a g} \\nabla_{g d}(R_{b e c f}) + 9g^{a g} \\nabla_{d g}(R_{b e c f})) + 2x^{d} x^{e} x^{f} x^{g} (16g^{a h} g^{i j} R_{b d c i} \\nabla_{e}(R_{f h g j}) + 6g^{a h} g^{i j} R_{d h e i} \\nabla_{b}(R_{c f g j}) + 16g^{a h} g^{i j} R_{d h e i} \\nabla_{f}(R_{b g c j}) + 5g^{a h} g^{i j} R_{d h e i} \\nabla_{j}(R_{b f c g})-8g^{a h} g^{i j} R_{b h d i} \\nabla_{e}(R_{c f g j})-4g^{a h} g^{i j} R_{b i d h} \\nabla_{e}(R_{c f g j})-4g^{a h} g^{i j} R_{b d e i} \\nabla_{c}(R_{f h g j})-8g^{a h} g^{i j} R_{b d e i} \\nabla_{f}(R_{c h g j})-4g^{a h} g^{i j} R_{b d e i} \\nabla_{f}(R_{c j g h}) + 2g^{a h} \\nabla_{b d e}(R_{c f g h}) + 2g^{a h} \\nabla_{d b e}(R_{c f g h}) + 2g^{a h} \\nabla_{d e b}(R_{c f g h}) + 4g^{a h} \\nabla_{d e f}(R_{b g c h})-4g^{a h} g^{i j} R_{b d h i} \\nabla_{e}(R_{c f g j})-4g^{a h} g^{i j} R_{b d e i} \\nabla_{h}(R_{c f g j})-4g^{a h} g^{i j} R_{b d e i} \\nabla_{f}(R_{c g h j}) + g^{a h} \\nabla_{h d e}(R_{b f c g}) + g^{a h} \\nabla_{d h e}(R_{b f c g}) + g^{a h} \\nabla_{d e h}(R_{b f c g}))",
  "check007": "180x^{e} g^{a f} \\nabla_{b}(R_{c e d f}) + 3x^{e} x^{f} (64g^{a g} g^{h i} R_{b e c h} R_{d g f i} + 16g^{a g} g^{h i} R_{b e c h} R_{d i f g}-16g^{a g} g^{h i} R_{b e f h} R_{c g d i} + 12g^{a g} \\nabla_{b c}(R_{d e f g}) + 18g^{a g} \\nabla_{b e}(R_{c f d g}) + 18g^{a g} \\nabla_{e b}(R_{c f d g}) + 48g^{a g} g^{h i} R_{b e c h} R_{d f g i} + 3g^{a g} \\nabla_{g b}(R_{c e d f}) + 3g^{a g} \\nabla_{b g}(R_{c e d f})) + 2x^{e} x^{f} x^{g} (32g^{a h} g^{i j} R_{b e c i} \\nabla_{d}(R_{f h g j}) + 48g^{a h} g^{i j} R_{b e c i} \\nabla_{f}(R_{d h g j}) + 12g^{a h} g^{i j} R_{b e c i} \\nabla_{f}(R_{d j g h}) + 18g^{a h} g^{i j} R_{b h e i} \\nabla_{c}(R_{d f g j}) + 2g^{a h} g^{i j} R_{b i e h} \\nabla_{c}(R_{d f g j}) + 22g^{a h} g^{i j} R_{e h f i} \\nabla_{b}(R_{c g d j}) + 48g^{a h} g^{i j} R_{b h e i} \\nabla_{f}(R_{c g d j}) + 12g^{a h} g^{i j} R_{b i e h} \\nabla_{f}(R_{c g d j}) + 15g^{a h} g^{i j} R_{b h e i} \\nabla_{j}(R_{c f d g}) + 5g^{a h} g^{i j} R_{b i e h} \\nabla_{j}(R_{c f d g})-12g^{a h} g^{i j} R_{b h c i} \\nabla_{e}(R_{d f g j})-12g^{a h} g^{i j} R_{b e f i} \\nabla_{c}(R_{d h g j})-8g^{a h} g^{i j} R_{b e f i} \\nabla_{c}(R_{d j g h})-12g^{a h} g^{i j} R_{b e f i} \\nabla_{g}(R_{c h d j}) + 4g^{a h} \\nabla_{b c e}(R_{d f g h}) + 4g^{a h} \\nabla_{b e c}(R_{d f g h}) + 6g^{a h} \\nabla_{b e f}(R_{c g d h}) + 4g^{a h} \\nabla_{e b c}(R_{d f g h}) + 6g^{a h} \\nabla_{e b f}(R_{c g d h}) + 6g^{a h} \\nabla_{e f b}(R_{c g d h}) + 16g^{a h} g^{i j} R_{b e h i} \\nabla_{c}(R_{d f g j}) + 36g^{a h} g^{i j} R_{b e h i} \\nabla_{f}(R_{c g d j}) + 16g^{a h} g^{i j} R_{b e c i} \\nabla_{h}(R_{d f g j})-4g^{a h} g^{i j} R_{b e f i} \\nabla_{h}(R_{c g d j}) + 36g^{a h} g^{i j} R_{b e c i} \\nabla_{f}(R_{d g h j})-4g^{a h} g^{i j} R_{b e f i} \\nabla_{c}(R_{d g h j}) + g^{a h} \\nabla_{h b e}(R_{c f d g}) + g^{a h} \\nabla_{h e b}(R_{c f d g}) + g^{a h} \\nabla_{b h e}(R_{c f d g}) + g^{a h} \\nabla_{e h b}(R_{c f d g}) + g^{a h} \\nabla_{b e h}(R_{c f d g}) + g^{a h} \\nabla_{e b h}(R_{c f d g})-20g^{a h} g^{i j} R_{b e c i} \\nabla_{j}(R_{d f g h}) + 10g^{a h} g^{i j} R_{b e h i} \\nabla_{j}(R_{c f d g}))",
  "check008": "6x^{f} (8g^{a g} g^{h i} R_{b f c h} R_{d g e i} + 6g^{a g} \\nabla_{b c}(R_{d f e g})) + x^{f} x^{g} (64g^{a h} g^{i j} R_{b f c i} \\nabla_{d}(R_{e h g j}) + 18g^{a h} g^{i j} R_{b f c i} \\nabla_{d}(R_{e j g h}) + 24g^{a h} g^{i j} R_{b f c i} \\nabla_{g}(R_{d h e j}) + 4g^{a h} g^{i j} R_{b h c i} \\nabla_{d}(R_{e f g j}) + 44g^{a h} g^{i j} R_{b h f i} \\nabla_{c}(R_{d g e j}) + 18g^{a h} g^{i j} R_{b i f h} \\nabla_{c}(R_{d g e j}) + 24g^{a h} g^{i j} R_{b h c i} \\nabla_{f}(R_{d g e j}) + 10g^{a h} g^{i j} R_{b h c i} \\nabla_{j}(R_{d f e g})-16g^{a h} g^{i j} R_{b f g i} \\nabla_{c}(R_{d h e j}) + 6g^{a h} \\nabla_{b c d}(R_{e f g h}) + 8g^{a h} \\nabla_{b c f}(R_{d g e h}) + 8g^{a h} \\nabla_{b f c}(R_{d g e h}) + 8g^{a h} \\nabla_{f b c}(R_{d g e h}) + 26g^{a h} g^{i j} R_{b f h i} \\nabla_{c}(R_{d g e j}) + 6g^{a h} g^{i j} R_{b f c i} \\nabla_{h}(R_{d g e j}) + 46g^{a h} g^{i j} R_{b f c i} \\nabla_{d}(R_{e g h j}) + g^{a h} \\nabla_{h b c}(R_{d f e g}) + g^{a h} \\nabla_{b h c}(R_{d f e g}) + g^{a h} \\nabla_{b c h}(R_{d f e g})-40g^{a h} g^{i j} R_{b f c i} \\nabla_{j}(R_{d g e h}))",
  "check009": "x^{g} (3g^{a h} g^{i j} R_{b g c i} \\nabla_{d}(R_{e h f j}) + 3g^{a h} g^{i j} R_{b h c i} \\nabla_{d}(R_{e g f j}) + g^{a h} \\nabla_{b c d}(R_{e g f h}))"
}
