{
  "check000": "g_{a b} Dx^{a} Dx^{b} -  1/3 x^{a} x^{b} Dx^{c} Dx^{d} R_{a c b d} -  1/12 x^{a} x^{b} Dx^{c} Dx^{d} Dx^{e} \\nabla_{c}(R_{a d b e}) -  1/6 x^{a} x^{b} x^{c} Dx^{d} Dx^{e} \\nabla_{a}(R_{b d c e})",
  "check001": "g_{a b} Dx^{a} Dx^{b}",
  "check002": "-x^{a} x^{b} Dx^{c} Dx^{d} R_{a c b d}",
  "check003": "-x^{a} x^{b} Dx^{c} Dx^{d} Dx^{e} \\nabla_{c}(R_{a d b e})-2x^{a} x^{b} x^{c} Dx^{d} Dx^{e} \\nabla_{a}(R_{b d c e})",
  "check004": "x^{a} x^{b} Dx^{c} Dx^{d} Dx^{e} Dx^{f} (-8g^{g h} R_{a c d g} R_{b e f h}-6\\nabla_{c d}(R_{a e b f})) + x^{a} x^{b} x^{c} Dx^{d} Dx^{e} Dx^{f} (16g^{g h} R_{a d b g} R_{c e f h}-9\\nabla_{d a}(R_{b e c f})-9\\nabla_{a d}(R_{b e c f})) + x^{a} x^{b} x^{c} x^{d} Dx^{e} Dx^{f} (16g^{g h} R_{a e b g} R_{c f d h}-18\\nabla_{a b}(R_{c e d f}))",
  "check005": "x^{a} x^{b} x^{c} Dx^{d} Dx^{e} Dx^{f} Dx^{g} (-4g^{h i} R_{a d e h} \\nabla_{f}(R_{b g c i})-24g^{h i} R_{a d e h} \\nabla_{b}(R_{c f g i}) + 10g^{h i} R_{a d e h} \\nabla_{i}(R_{b f c g}) + 16g^{h i} R_{a d b h} \\nabla_{e}(R_{c f g i})-4\\nabla_{d e a}(R_{b f c g})-4\\nabla_{d a e}(R_{b f c g})-4\\nabla_{a d e}(R_{b f c g})) + x^{a} x^{b} Dx^{c} Dx^{d} Dx^{e} Dx^{f} Dx^{g} (-18g^{h i} R_{a c d h} \\nabla_{e}(R_{b f g i})-3\\nabla_{c d e}(R_{a f b g})) + x^{a} x^{b} x^{c} x^{d} Dx^{e} Dx^{f} Dx^{g} (24g^{h i} R_{a e f h} \\nabla_{b}(R_{c g d i}) + 24g^{h i} R_{a e b h} \\nabla_{f}(R_{c g d i}) + 24g^{h i} R_{a e b h} \\nabla_{c}(R_{d f g i})-6\\nabla_{e a b}(R_{c f d g})-6\\nabla_{a e b}(R_{c f d g})-6\\nabla_{a b e}(R_{c f d g})) + x^{a} x^{b} x^{c} x^{d} x^{e} Dx^{f} Dx^{g} (48g^{h i} R_{a f b h} \\nabla_{c}(R_{d g e i})-12\\nabla_{a b c}(R_{d f e g}))"
}
