{
  "check000": "y^{a} y^{b} \\Gamma^{d}_{a b}",
  "check001": "y^{a} y^{b} y^{c} (\\partial_{a}(\\Gamma^{d}_{b c})-2\\Gamma^{d}_{a e} \\Gamma^{e}_{b c})",
  "check002": "y^{a} y^{b} y^{c} y^{e} (\\partial_{a b}(\\Gamma^{d}_{c e})-\\Gamma^{f}_{a b} \\partial_{f}(\\Gamma^{d}_{c e})-4\\Gamma^{f}_{a b} \\partial_{c}(\\Gamma^{d}_{e f})-2\\Gamma^{d}_{a f} \\partial_{b}(\\Gamma^{f}_{c e}) + 2\\Gamma^{d}_{f g} \\Gamma^{f}_{a b} \\Gamma^{g}_{c e} + 4\\Gamma^{d}_{a f} \\Gamma^{f}_{b g} \\Gamma^{g}_{c e})",
  "check003": "y^{a} y^{b} y^{c} y^{e} y^{f} (\\partial_{a b c}(\\Gamma^{d}_{e f})-\\partial_{g}(\\Gamma^{d}_{a b}) \\partial_{c}(\\Gamma^{g}_{e f})-6\\partial_{a}(\\Gamma^{d}_{b g}) \\partial_{c}(\\Gamma^{g}_{e f})-3\\Gamma^{g}_{a b} \\partial_{c g}(\\Gamma^{d}_{e f})-6\\Gamma^{g}_{a b} \\partial_{c e}(\\Gamma^{d}_{f g})-2\\Gamma^{d}_{a g} \\partial_{b c}(\\Gamma^{g}_{e f}) + 2\\Gamma^{g}_{a b} \\Gamma^{h}_{c g} \\partial_{h}(\\Gamma^{d}_{e f}) + 6\\Gamma^{g}_{a b} \\Gamma^{h}_{c e} \\partial_{g}(\\Gamma^{d}_{f h}) + 12\\Gamma^{g}_{a b} \\Gamma^{h}_{c g} \\partial_{e}(\\Gamma^{d}_{f h}) + 6\\Gamma^{g}_{a b} \\Gamma^{h}_{c e} \\partial_{f}(\\Gamma^{d}_{g h}) + 6\\Gamma^{d}_{g h} \\Gamma^{g}_{a b} \\partial_{c}(\\Gamma^{h}_{e f}) + 2\\Gamma^{d}_{a g} \\Gamma^{h}_{b c} \\partial_{h}(\\Gamma^{g}_{e f}) + 8\\Gamma^{d}_{a g} \\Gamma^{h}_{b c} \\partial_{e}(\\Gamma^{g}_{f h}) + 4\\Gamma^{d}_{a g} \\Gamma^{g}_{b h} \\partial_{c}(\\Gamma^{h}_{e f})-12\\Gamma^{d}_{g h} \\Gamma^{g}_{a b} \\Gamma^{h}_{c i} \\Gamma^{i}_{e f}-4\\Gamma^{d}_{a g} \\Gamma^{g}_{h i} \\Gamma^{h}_{b c} \\Gamma^{i}_{e f}-8\\Gamma^{d}_{a g} \\Gamma^{g}_{b h} \\Gamma^{h}_{c i} \\Gamma^{i}_{e f})",
  "check004": "y^{a} y^{b} y^{c} y^{e} y^{f} y^{g} (\\partial_{a b c e}(\\Gamma^{d}_{f g})-4\\partial_{a}(\\Gamma^{h}_{b c}) \\partial_{e h}(\\Gamma^{d}_{f g})-\\partial_{h}(\\Gamma^{d}_{a b}) \\partial_{c e}(\\Gamma^{h}_{f g})-12\\partial_{a}(\\Gamma^{h}_{b c}) \\partial_{e f}(\\Gamma^{d}_{g h})-8\\partial_{a}(\\Gamma^{d}_{b h}) \\partial_{c e}(\\Gamma^{h}_{f g})-6\\Gamma^{h}_{a b} \\partial_{c e h}(\\Gamma^{d}_{f g})-8\\Gamma^{h}_{a b} \\partial_{c e f}(\\Gamma^{d}_{g h}) + 8\\Gamma^{h}_{a b} \\partial_{i}(\\Gamma^{d}_{c h}) \\partial_{e}(\\Gamma^{i}_{f g}) + \\Gamma^{h}_{a b} \\partial_{i}(\\Gamma^{d}_{c e}) \\partial_{h}(\\Gamma^{i}_{f g}) + 4\\Gamma^{h}_{a b} \\partial_{i}(\\Gamma^{d}_{c e}) \\partial_{f}(\\Gamma^{i}_{g h}) + 12\\Gamma^{h}_{a b} \\partial_{h}(\\Gamma^{d}_{c i}) \\partial_{e}(\\Gamma^{i}_{f g}) + 24\\Gamma^{h}_{a b} \\partial_{c}(\\Gamma^{d}_{h i}) \\partial_{e}(\\Gamma^{i}_{f g}) + 8\\Gamma^{h}_{a b} \\partial_{c}(\\Gamma^{d}_{e i}) \\partial_{h}(\\Gamma^{i}_{f g}) + 32\\Gamma^{h}_{a b} \\partial_{c}(\\Gamma^{d}_{e i}) \\partial_{f}(\\Gamma^{i}_{g h})-2\\Gamma^{d}_{a h} \\partial_{b c e}(\\Gamma^{h}_{f g}) + 2\\Gamma^{h}_{a i} \\partial_{h}(\\Gamma^{d}_{b c}) \\partial_{e}(\\Gamma^{i}_{f g}) + 16\\Gamma^{h}_{a i} \\partial_{b}(\\Gamma^{d}_{c h}) \\partial_{e}(\\Gamma^{i}_{f g}) + 6\\Gamma^{d}_{h i} \\partial_{a}(\\Gamma^{h}_{b c}) \\partial_{e}(\\Gamma^{i}_{f g}) + 2\\Gamma^{d}_{a h} \\partial_{b}(\\Gamma^{i}_{c e}) \\partial_{i}(\\Gamma^{h}_{f g}) + 12\\Gamma^{d}_{a h} \\partial_{b}(\\Gamma^{h}_{c i}) \\partial_{e}(\\Gamma^{i}_{f g}) + 8\\Gamma^{h}_{a b} \\Gamma^{i}_{c h} \\partial_{e i}(\\Gamma^{d}_{f g}) + 3\\Gamma^{h}_{a b} \\Gamma^{i}_{c e} \\partial_{h i}(\\Gamma^{d}_{f g}) + 24\\Gamma^{h}_{a b} \\Gamma^{i}_{c e} \\partial_{f h}(\\Gamma^{d}_{g i}) + 24\\Gamma^{h}_{a b} \\Gamma^{i}_{c h} \\partial_{e f}(\\Gamma^{d}_{g i}) + 12\\Gamma^{h}_{a b} \\Gamma^{i}_{c e} \\partial_{f g}(\\Gamma^{d}_{h i}) + 8\\Gamma^{d}_{h i} \\Gamma^{h}_{a b} \\partial_{c e}(\\Gamma^{i}_{f g}) + 6\\Gamma^{d}_{a h} \\Gamma^{i}_{b c} \\partial_{e i}(\\Gamma^{h}_{f g}) + 12\\Gamma^{d}_{a h} \\Gamma^{i}_{b c} \\partial_{e f}(\\Gamma^{h}_{g i}) + 4\\Gamma^{d}_{a h} \\Gamma^{h}_{b i} \\partial_{c e}(\\Gamma^{i}_{f g})-4\\Gamma^{h}_{a b} \\Gamma^{i}_{c h} \\Gamma^{j}_{e i} \\partial_{j}(\\Gamma^{d}_{f g})-2\\Gamma^{h}_{a b} \\Gamma^{i}_{c e} \\Gamma^{j}_{h i} \\partial_{j}(\\Gamma^{d}_{f g})-16\\Gamma^{h}_{a b} \\Gamma^{i}_{c e} \\Gamma^{j}_{f h} \\partial_{j}(\\Gamma^{d}_{g i})-24\\Gamma^{h}_{a b} \\Gamma^{i}_{c e} \\Gamma^{j}_{f h} \\partial_{i}(\\Gamma^{d}_{g j})-12\\Gamma^{h}_{a b} \\Gamma^{i}_{c e} \\Gamma^{j}_{f g} \\partial_{h}(\\Gamma^{d}_{i j})-32\\Gamma^{h}_{a b} \\Gamma^{i}_{c h} \\Gamma^{j}_{e i} \\partial_{f}(\\Gamma^{d}_{g j})-16\\Gamma^{h}_{a b} \\Gamma^{i}_{c e} \\Gamma^{j}_{h i} \\partial_{f}(\\Gamma^{d}_{g j})-48\\Gamma^{h}_{a b} \\Gamma^{i}_{c e} \\Gamma^{j}_{f h} \\partial_{g}(\\Gamma^{d}_{i j})-24\\Gamma^{d}_{h i} \\Gamma^{h}_{a j} \\Gamma^{j}_{b c} \\partial_{e}(\\Gamma^{i}_{f g})-8\\Gamma^{d}_{h i} \\Gamma^{h}_{a b} \\Gamma^{j}_{c e} \\partial_{j}(\\Gamma^{i}_{f g})-32\\Gamma^{d}_{h i} \\Gamma^{h}_{a b} \\Gamma^{j}_{c e} \\partial_{f}(\\Gamma^{i}_{g j})-4\\Gamma^{d}_{a h} \\Gamma^{i}_{b c} \\Gamma^{j}_{e i} \\partial_{j}(\\Gamma^{h}_{f g})-12\\Gamma^{d}_{a h} \\Gamma^{i}_{b c} \\Gamma^{j}_{e f} \\partial_{i}(\\Gamma^{h}_{g j})-24\\Gamma^{d}_{a h} \\Gamma^{i}_{b c} \\Gamma^{j}_{e i} \\partial_{f}(\\Gamma^{h}_{g j})-12\\Gamma^{d}_{a h} \\Gamma^{i}_{b c} \\Gamma^{j}_{e f} \\partial_{g}(\\Gamma^{h}_{i j})-16\\Gamma^{d}_{h i} \\Gamma^{h}_{a b} \\Gamma^{i}_{c j} \\partial_{e}(\\Gamma^{j}_{f g})-12\\Gamma^{d}_{a h} \\Gamma^{h}_{i j} \\Gamma^{i}_{b c} \\partial_{e}(\\Gamma^{j}_{f g})-4\\Gamma^{d}_{a h} \\Gamma^{h}_{b i} \\Gamma^{j}_{c e} \\partial_{j}(\\Gamma^{i}_{f g})-16\\Gamma^{d}_{a h} \\Gamma^{h}_{b i} \\Gamma^{j}_{c e} \\partial_{f}(\\Gamma^{i}_{g j})-8\\Gamma^{d}_{a h} \\Gamma^{h}_{b i} \\Gamma^{i}_{c j} \\partial_{e}(\\Gamma^{j}_{f g}) + 24\\Gamma^{d}_{h i} \\Gamma^{h}_{a j} \\Gamma^{i}_{b k} \\Gamma^{j}_{c e} \\Gamma^{k}_{f g} + 16\\Gamma^{d}_{h i} \\Gamma^{h}_{a b} \\Gamma^{i}_{j k} \\Gamma^{j}_{c e} \\Gamma^{k}_{f g} + 32\\Gamma^{d}_{h i} \\Gamma^{h}_{a b} \\Gamma^{i}_{c j} \\Gamma^{j}_{e k} \\Gamma^{k}_{f g} + 24\\Gamma^{d}_{a h} \\Gamma^{h}_{i j} \\Gamma^{i}_{b c} \\Gamma^{j}_{e k} \\Gamma^{k}_{f g} + 8\\Gamma^{d}_{a h} \\Gamma^{h}_{b i} \\Gamma^{i}_{j k} \\Gamma^{j}_{c e} \\Gamma^{k}_{f g} + 16\\Gamma^{d}_{a h} \\Gamma^{h}_{b i} \\Gamma^{i}_{c j} \\Gamma^{j}_{e k} \\Gamma^{k}_{f g})"
}
