{
  "check000": "Dx^{a}",
  "check001": " -  1/3 x^{b} Dx^{c} Dx^{d} g^{a e} R_{b c d e}",
  "check002": "x^{b} x^{c} Dx^{d} Dx^{e} ( -  1/12 g^{a f} \\nabla_{d}(R_{b e c f}) -  1/6 g^{a f} \\nabla_{b}(R_{c d e f}) +  1/24 g^{a f} \\nabla_{f}(R_{b d c e})) -  1/12 x^{b} Dx^{c} Dx^{d} Dx^{e} g^{a f} \\nabla_{c}(R_{b d e f})",
  "check003": "x^{b} x^{c} Dx^{d} Dx^{e} Dx^{f} ( -  2/45 g^{a g} g^{h i} R_{b d e h} R_{c f g i} +  1/45 g^{a g} g^{h i} R_{b d e h} R_{c i f g} -  1/45 g^{a g} g^{h i} R_{b d e h} R_{c g f i} +  1/45 g^{a g} g^{h i} R_{b d c h} R_{e g f i} -  1/60 g^{a g} \\nabla_{d e}(R_{b f c g}) -  1/40 g^{a g} \\nabla_{d b}(R_{c e f g}) -  1/40 g^{a g} \\nabla_{b d}(R_{c e f g}) +  1/240 g^{a g} \\nabla_{g d}(R_{b e c f}) +  1/240 g^{a g} \\nabla_{d g}(R_{b e c f})) + x^{b} x^{c} x^{d} Dx^{e} Dx^{f} ( -  4/45 g^{a g} g^{h i} R_{b e f h} R_{c g d i} +  2/45 g^{a g} g^{h i} R_{b e c h} R_{d i f g} +  1/45 g^{a g} g^{h i} R_{b e c h} R_{d g f i} -  1/40 g^{a g} \\nabla_{e b}(R_{c f d g}) -  1/40 g^{a g} \\nabla_{b e}(R_{c f d g}) -  1/20 g^{a g} \\nabla_{b c}(R_{d e f g}) -  1/45 g^{a g} g^{h i} R_{b e c h} R_{d f g i} +  1/80 g^{a g} \\nabla_{g b}(R_{c e d f}) +  1/80 g^{a g} \\nabla_{b g}(R_{c e d f})) + x^{b} Dx^{c} Dx^{d} Dx^{e} Dx^{f} ( -  1/45 g^{a g} g^{h i} R_{b c d h} R_{e g f i} -  1/60 g^{a g} \\nabla_{c d}(R_{b e f g}))",
  "check004": "x^{b} x^{c} x^{d} Dx^{e} Dx^{f} Dx^{g} ( -  7/540 g^{a h} g^{i j} R_{b e h i} \\nabla_{f}(R_{c g d j}) -  1/45 g^{a h} g^{i j} R_{b e h i} \\nabla_{c}(R_{d f g j}) +  1/216 g^{a h} g^{i j} R_{b e h i} \\nabla_{j}(R_{c f d g}) +  1/90 g^{a h} g^{i j} R_{b i e h} \\nabla_{f}(R_{c g d j}) +  1/90 g^{a h} g^{i j} R_{b i e h} \\nabla_{c}(R_{d f g j}) -  1/540 g^{a h} g^{i j} R_{b e f i} \\nabla_{g}(R_{c h d j}) +  1/108 g^{a h} g^{i j} R_{b e f i} \\nabla_{j}(R_{c g d h}) -  1/45 g^{a h} g^{i j} R_{b e f i} \\nabla_{c}(R_{d g h j}) +  1/90 g^{a h} g^{i j} R_{b e f i} \\nabla_{c}(R_{d j g h}) -  7/540 g^{a h} g^{i j} R_{b e f i} \\nabla_{h}(R_{c g d j}) -  1/90 g^{a h} g^{i j} R_{b e f i} \\nabla_{c}(R_{d h g j}) -  1/540 g^{a h} g^{i j} R_{b h e i} \\nabla_{f}(R_{c g d j}) -  11/540 g^{a h} g^{i j} R_{b h c i} \\nabla_{e}(R_{d f g j}) -  1/90 g^{a h} g^{i j} R_{b h e i} \\nabla_{c}(R_{d f g j}) +  1/216 g^{a h} g^{i j} R_{b h e i} \\nabla_{j}(R_{c f d g}) +  1/90 g^{a h} g^{i j} R_{e h f i} \\nabla_{b}(R_{c g d j}) +  1/90 g^{a h} g^{i j} R_{b e c i} \\nabla_{f}(R_{d j g h}) +  1/135 g^{a h} g^{i j} R_{b e c i} \\nabla_{f}(R_{d h g j}) +  1/90 g^{a h} g^{i j} R_{b e c i} \\nabla_{d}(R_{f h g j}) -  1/270 g^{a h} \\nabla_{e f b}(R_{c g d h}) -  1/270 g^{a h} \\nabla_{e b f}(R_{c g d h}) -  1/180 g^{a h} \\nabla_{e b c}(R_{d f g h}) -  1/270 g^{a h} \\nabla_{b e f}(R_{c g d h}) -  1/180 g^{a h} \\nabla_{b e c}(R_{d f g h}) -  1/180 g^{a h} \\nabla_{b c e}(R_{d f g h}) -  1/270 g^{a h} g^{i j} R_{b e c i} \\nabla_{h}(R_{d f g j}) -  1/270 g^{a h} g^{i j} R_{b e c i} \\nabla_{f}(R_{d g h j}) +  1/1080 g^{a h} \\nabla_{h e b}(R_{c f d g}) +  1/1080 g^{a h} \\nabla_{h b e}(R_{c f d g}) +  1/1080 g^{a h} \\nabla_{e h b}(R_{c f d g}) +  1/1080 g^{a h} \\nabla_{b h e}(R_{c f d g}) +  1/1080 g^{a h} \\nabla_{e b h}(R_{c f d g}) +  1/1080 g^{a h} \\nabla_{b e h}(R_{c f d g})) + x^{b} x^{c} Dx^{d} Dx^{e} Dx^{f} Dx^{g} ( -  17/1080 g^{a h} g^{i j} R_{b d h i} \\nabla_{e}(R_{c f g j}) +  1/135 g^{a h} g^{i j} R_{b i d h} \\nabla_{e}(R_{c f g j}) -  7/1080 g^{a h} g^{i j} R_{b d e i} \\nabla_{f}(R_{c g h j}) -  1/540 g^{a h} g^{i j} R_{b d e i} \\nabla_{f}(R_{c j g h}) +  1/108 g^{a h} g^{i j} R_{b d e i} \\nabla_{j}(R_{c f g h}) -  1/120 g^{a h} g^{i j} R_{b d e i} \\nabla_{f}(R_{c h g j}) -  1/90 g^{a h} g^{i j} R_{b d e i} \\nabla_{c}(R_{f h g j}) -  1/540 g^{a h} g^{i j} R_{d h e i} \\nabla_{f}(R_{b g c j}) -  1/120 g^{a h} g^{i j} R_{b h d i} \\nabla_{e}(R_{c f g j}) -  1/90 g^{a h} g^{i j} R_{d h e i} \\nabla_{b}(R_{c f g j}) +  1/216 g^{a h} g^{i j} R_{d h e i} \\nabla_{j}(R_{b f c g}) +  1/135 g^{a h} g^{i j} R_{b d c i} \\nabla_{e}(R_{f h g j}) -  1/360 g^{a h} \\nabla_{d e f}(R_{b g c h}) -  1/270 g^{a h} \\nabla_{d e b}(R_{c f g h}) -  1/270 g^{a h} \\nabla_{d b e}(R_{c f g h}) -  1/270 g^{a h} \\nabla_{b d e}(R_{c f g h}) +  1/360 g^{a h} g^{i j} R_{b d e i} \\nabla_{h}(R_{c f g j}) +  1/2160 g^{a h} \\nabla_{h d e}(R_{b f c g}) +  1/2160 g^{a h} \\nabla_{d h e}(R_{b f c g}) +  1/2160 g^{a h} \\nabla_{d e h}(R_{b f c g})) + x^{b} x^{c} x^{d} x^{e} Dx^{f} Dx^{g} ( -  2/45 g^{a h} g^{i j} R_{b f g i} \\nabla_{c}(R_{d h e j}) -  1/60 g^{a h} g^{i j} R_{b h c i} \\nabla_{f}(R_{d g e j}) -  2/45 g^{a h} g^{i j} R_{b h c i} \\nabla_{d}(R_{e f g j}) +  1/72 g^{a h} g^{i j} R_{b h c i} \\nabla_{j}(R_{d f e g}) +  1/45 g^{a h} g^{i j} R_{b i f h} \\nabla_{c}(R_{d g e j}) +  1/90 g^{a h} g^{i j} R_{b h f i} \\nabla_{c}(R_{d g e j}) +  1/90 g^{a h} g^{i j} R_{b f c i} \\nabla_{g}(R_{d h e j}) +  1/45 g^{a h} g^{i j} R_{b f c i} \\nabla_{d}(R_{e j g h}) +  1/90 g^{a h} g^{i j} R_{b f c i} \\nabla_{d}(R_{e h g j}) -  1/180 g^{a h} \\nabla_{f b c}(R_{d g e h}) -  1/180 g^{a h} \\nabla_{b f c}(R_{d g e h}) -  1/180 g^{a h} \\nabla_{b c f}(R_{d g e h}) -  1/90 g^{a h} \\nabla_{b c d}(R_{e f g h}) -  1/90 g^{a h} g^{i j} R_{b f h i} \\nabla_{c}(R_{d g e j}) -  1/90 g^{a h} g^{i j} R_{b f c i} \\nabla_{h}(R_{d g e j}) -  1/90 g^{a h} g^{i j} R_{b f c i} \\nabla_{d}(R_{e g h j}) +  1/360 g^{a h} \\nabla_{h b c}(R_{d f e g}) +  1/360 g^{a h} \\nabla_{b h c}(R_{d f e g}) +  1/360 g^{a h} \\nabla_{b c h}(R_{d f e g})) + x^{b} Dx^{c} Dx^{d} Dx^{e} Dx^{f} Dx^{g} ( -  1/120 g^{a h} g^{i j} R_{b c d i} \\nabla_{e}(R_{f h g j}) -  1/120 g^{a h} g^{i j} R_{c h d i} \\nabla_{e}(R_{b f g j}) -  1/360 g^{a h} \\nabla_{c d e}(R_{b f g h}))"
}
