{
  "Gamma": "x^{c} ( 1/3 R_{a e b c} g^{d e} +  1/3 R_{a c b e} g^{d e}) + x^{c} x^{e} ( 1/12 \\nabla_{a}(R_{b c e f}) g^{d f} +  1/6 \\nabla_{c}(R_{a f b e}) g^{d f} +  1/12 \\nabla_{b}(R_{a c e f}) g^{d f} +  1/6 \\nabla_{c}(R_{a e b f}) g^{d f} +  1/12 \\nabla_{f}(R_{a c b e}) g^{d f}) + x^{c} x^{e} x^{f} ( 4/45 R_{a g b c} R_{e h f i} g^{d h} g^{g i} +  4/45 R_{a c b g} R_{e h f i} g^{d h} g^{g i} -  2/45 R_{a g c h} R_{b e f i} g^{d g} g^{h i} -  1/45 R_{a g c h} R_{b e f i} g^{d h} g^{g i} +  1/40 \\nabla_{a c}(R_{b e f g}) g^{d g} +  1/40 \\nabla_{c a}(R_{b e f g}) g^{d g} +  1/20 \\nabla_{c e}(R_{a g b f}) g^{d g} -  2/45 R_{a c e g} R_{b h f i} g^{d h} g^{g i} -  1/45 R_{a c e g} R_{b h f i} g^{d i} g^{g h} +  1/40 \\nabla_{b c}(R_{a e f g}) g^{d g} +  1/40 \\nabla_{c b}(R_{a e f g}) g^{d g} +  1/20 \\nabla_{c e}(R_{a f b g}) g^{d g} -  1/45 R_{a c g h} R_{b e f i} g^{d g} g^{h i} -  1/45 R_{a c e g} R_{b f h i} g^{d h} g^{g i} +  1/40 \\nabla_{g c}(R_{a e b f}) g^{d g} +  1/40 \\nabla_{c g}(R_{a e b f}) g^{d g}) + x^{c} x^{e} x^{f} x^{g} ( 2/45 R_{a h b c} \\nabla_{e}(R_{f i g j}) g^{d i} g^{h j} +  2/45 R_{a c b h} \\nabla_{e}(R_{f i g j}) g^{d i} g^{h j} +  1/60 R_{c h e i} \\nabla_{a}(R_{b f g j}) g^{d h} g^{i j} +  2/45 R_{c h e i} \\nabla_{f}(R_{a j b g}) g^{d h} g^{i j} +  1/60 R_{c h e i} \\nabla_{b}(R_{a f g j}) g^{d h} g^{i j} +  2/45 R_{c h e i} \\nabla_{f}(R_{a g b j}) g^{d h} g^{i j} +  1/36 R_{c h e i} \\nabla_{j}(R_{a f b g}) g^{d h} g^{i j} -  1/45 R_{a h c i} \\nabla_{e}(R_{b f g j}) g^{d h} g^{i j} -  1/90 R_{a h c i} \\nabla_{e}(R_{b f g j}) g^{d i} g^{h j} -  1/90 R_{b c e h} \\nabla_{a}(R_{f i g j}) g^{d i} g^{h j} -  1/45 R_{b c e h} \\nabla_{f}(R_{a i g j}) g^{d i} g^{h j} -  1/90 R_{b c e h} \\nabla_{f}(R_{a i g j}) g^{d j} g^{h i} +  1/180 \\nabla_{a c e}(R_{b f g h}) g^{d h} +  1/180 \\nabla_{c a e}(R_{b f g h}) g^{d h} +  1/180 \\nabla_{c e a}(R_{b f g h}) g^{d h} +  1/90 \\nabla_{c e f}(R_{a h b g}) g^{d h} -  1/90 R_{a c e h} \\nabla_{b}(R_{f i g j}) g^{d i} g^{h j} -  1/45 R_{a c e h} \\nabla_{f}(R_{b i g j}) g^{d i} g^{h j} -  1/90 R_{a c e h} \\nabla_{f}(R_{b i g j}) g^{d j} g^{h i} -  1/45 R_{b h c i} \\nabla_{e}(R_{a f g j}) g^{d h} g^{i j} -  1/90 R_{b h c i} \\nabla_{e}(R_{a f g j}) g^{d i} g^{h j} +  1/180 \\nabla_{b c e}(R_{a f g h}) g^{d h} +  1/180 \\nabla_{c b e}(R_{a f g h}) g^{d h} +  1/180 \\nabla_{c e b}(R_{a f g h}) g^{d h} +  1/90 \\nabla_{c e f}(R_{a g b h}) g^{d h} -  1/90 R_{a c h i} \\nabla_{e}(R_{b f g j}) g^{d h} g^{i j} -  1/90 R_{a c e h} \\nabla_{i}(R_{b f g j}) g^{d i} g^{h j} -  1/90 R_{a c e h} \\nabla_{f}(R_{b g i j}) g^{d i} g^{h j} -  1/90 R_{b c h i} \\nabla_{e}(R_{a f g j}) g^{d h} g^{i j} -  1/90 R_{b c e h} \\nabla_{i}(R_{a f g j}) g^{d i} g^{h j} -  1/90 R_{b c e h} \\nabla_{f}(R_{a g i j}) g^{d i} g^{h j} +  1/180 \\nabla_{h c e}(R_{a f b g}) g^{d h} +  1/180 \\nabla_{c h e}(R_{a f b g}) g^{d h} +  1/180 \\nabla_{c e h}(R_{a f b g}) g^{d h})",
  "GammaRterm0": "0",
  "GammaRterm1": "0",
  "GammaRterm2": "x^{c} ( 1/3 R_{a e b c} g^{d e} +  1/3 R_{a c b e} g^{d e})",
  "GammaRterm3": "x^{c} x^{e} ( 1/12 \\nabla_{a}(R_{b c e f}) g^{d f} +  1/6 \\nabla_{c}(R_{a f b e}) g^{d f} +  1/12 \\nabla_{b}(R_{a c e f}) g^{d f} +  1/6 \\nabla_{c}(R_{a e b f}) g^{d f} +  1/12 \\nabla_{f}(R_{a c b e}) g^{d f})",
  "GammaRterm4": "x^{c} x^{e} x^{f} ( 4/45 R_{a g b c} R_{e h f i} g^{d h} g^{g i} +  4/45 R_{a c b g} R_{e h f i} g^{d h} g^{g i} -  2/45 R_{a g c h} R_{b e f i} g^{d g} g^{h i} -  1/45 R_{a g c h} R_{b e f i} g^{d h} g^{g i} +  1/40 \\nabla_{a c}(R_{b e f g}) g^{d g} +  1/40 \\nabla_{c a}(R_{b e f g}) g^{d g} +  1/20 \\nabla_{c e}(R_{a g b f}) g^{d g} -  2/45 R_{a c e g} R_{b h f i} g^{d h} g^{g i} -  1/45 R_{a c e g} R_{b h f i} g^{d i} g^{g h} +  1/40 \\nabla_{b c}(R_{a e f g}) g^{d g} +  1/40 \\nabla_{c b}(R_{a e f g}) g^{d g} +  1/20 \\nabla_{c e}(R_{a f b g}) g^{d g} -  1/45 R_{a c g h} R_{b e f i} g^{d g} g^{h i} -  1/45 R_{a c e g} R_{b f h i} g^{d h} g^{g i} +  1/40 \\nabla_{g c}(R_{a e b f}) g^{d g} +  1/40 \\nabla_{c g}(R_{a e b f}) g^{d g})",
  "GammaRterm5": "x^{c} x^{e} x^{f} x^{g} ( 2/45 R_{a h b c} \\nabla_{e}(R_{f i g j}) g^{d i} g^{h j} +  2/45 R_{a c b h} \\nabla_{e}(R_{f i g j}) g^{d i} g^{h j} +  1/60 R_{c h e i} \\nabla_{a}(R_{b f g j}) g^{d h} g^{i j} +  2/45 R_{c h e i} \\nabla_{f}(R_{a j b g}) g^{d h} g^{i j} +  1/60 R_{c h e i} \\nabla_{b}(R_{a f g j}) g^{d h} g^{i j} +  2/45 R_{c h e i} \\nabla_{f}(R_{a g b j}) g^{d h} g^{i j} +  1/36 R_{c h e i} \\nabla_{j}(R_{a f b g}) g^{d h} g^{i j} -  1/45 R_{a h c i} \\nabla_{e}(R_{b f g j}) g^{d h} g^{i j} -  1/90 R_{a h c i} \\nabla_{e}(R_{b f g j}) g^{d i} g^{h j} -  1/90 R_{b c e h} \\nabla_{a}(R_{f i g j}) g^{d i} g^{h j} -  1/45 R_{b c e h} \\nabla_{f}(R_{a i g j}) g^{d i} g^{h j} -  1/90 R_{b c e h} \\nabla_{f}(R_{a i g j}) g^{d j} g^{h i} +  1/180 \\nabla_{a c e}(R_{b f g h}) g^{d h} +  1/180 \\nabla_{c a e}(R_{b f g h}) g^{d h} +  1/180 \\nabla_{c e a}(R_{b f g h}) g^{d h} +  1/90 \\nabla_{c e f}(R_{a h b g}) g^{d h} -  1/90 R_{a c e h} \\nabla_{b}(R_{f i g j}) g^{d i} g^{h j} -  1/45 R_{a c e h} \\nabla_{f}(R_{b i g j}) g^{d i} g^{h j} -  1/90 R_{a c e h} \\nabla_{f}(R_{b i g j}) g^{d j} g^{h i} -  1/45 R_{b h c i} \\nabla_{e}(R_{a f g j}) g^{d h} g^{i j} -  1/90 R_{b h c i} \\nabla_{e}(R_{a f g j}) g^{d i} g^{h j} +  1/180 \\nabla_{b c e}(R_{a f g h}) g^{d h} +  1/180 \\nabla_{c b e}(R_{a f g h}) g^{d h} +  1/180 \\nabla_{c e b}(R_{a f g h}) g^{d h} +  1/90 \\nabla_{c e f}(R_{a g b h}) g^{d h} -  1/90 R_{a c h i} \\nabla_{e}(R_{b f g j}) g^{d h} g^{i j} -  1/90 R_{a c e h} \\nabla_{i}(R_{b f g j}) g^{d i} g^{h j} -  1/90 R_{a c e h} \\nabla_{f}(R_{b g i j}) g^{d i} g^{h j} -  1/90 R_{b c h i} \\nabla_{e}(R_{a f g j}) g^{d h} g^{i j} -  1/90 R_{b c e h} \\nabla_{i}(R_{a f g j}) g^{d i} g^{h j} -  1/90 R_{b c e h} \\nabla_{f}(R_{a g i j}) g^{d i} g^{h j} +  1/180 \\nabla_{h c e}(R_{a f b g}) g^{d h} +  1/180 \\nabla_{c h e}(R_{a f b g}) g^{d h} +  1/180 \\nabla_{c e h}(R_{a f b g}) g^{d h})"
}
