{
  "dGamma01": " 1/3 A^{b} A^{c} R^{a}_{b c d}",
  "dGamma02": " 1/2 A^{f} A^{b} A^{c} \\partial_{f}(R^{a}_{b c d})",
  "dGamma03": " 3/5 A^{b} A^{c} A^{e} A^{f} \\partial_{f e}(R^{a}_{b c d}) -  1/15 A^{b} A^{c} A^{e} A^{f} R^{a}_{c e g} R^{g}_{b f d} -  1/15 A^{b} A^{c} A^{e} A^{f} R^{a}_{c f g} R^{g}_{b e d}",
  "dGamma04": " 2/3 A^{b} A^{c} A^{e} A^{f} A^{g} \\partial_{g f e}(R^{a}_{b c d}) -  1/9 A^{b} A^{c} A^{e} A^{f} A^{g} R^{h}_{b g d} \\partial_{e}(R^{a}_{c f h}) -  1/9 A^{b} A^{c} A^{e} A^{f} A^{g} R^{h}_{b f d} \\partial_{e}(R^{a}_{c g h}) -  1/9 A^{b} A^{c} A^{e} A^{f} A^{g} R^{a}_{c e h} \\partial_{f}(R^{h}_{b g d}) -  1/9 A^{b} A^{c} A^{e} A^{f} A^{g} R^{h}_{b e d} \\partial_{f}(R^{a}_{c g h}) -  1/9 A^{b} A^{c} A^{e} A^{f} A^{g} R^{a}_{c f h} \\partial_{e}(R^{h}_{b g d}) -  1/9 A^{b} A^{c} A^{e} A^{f} A^{g} R^{a}_{c g h} \\partial_{e}(R^{h}_{b f d})",
  "dGamma05": " 5/7 A^{b} A^{c} A^{e} A^{f} A^{g} A^{h} \\partial_{h g f e}(R^{a}_{b c d}) -  1/7 A^{b} A^{c} A^{e} A^{f} A^{g} A^{h} R^{i}_{b g d} \\partial_{h e}(R^{a}_{c f i}) +  1/63 A^{b} A^{c} A^{e} A^{f} A^{g} A^{h} R^{a}_{f e i} R^{j}_{b g d} R^{i}_{c h j} +  1/63 A^{b} A^{c} A^{e} A^{f} A^{g} A^{h} R^{a}_{f h i} R^{j}_{b g d} R^{i}_{c e j} -  2/7 A^{b} A^{c} A^{e} A^{f} A^{g} A^{h} R^{i}_{b f d} \\partial_{h e}(R^{a}_{c g i}) +  2/63 A^{b} A^{c} A^{e} A^{f} A^{g} A^{h} R^{a}_{g e i} R^{j}_{b f d} R^{i}_{c h j} +  2/63 A^{b} A^{c} A^{e} A^{f} A^{g} A^{h} R^{a}_{g h i} R^{j}_{b f d} R^{i}_{c e j} -  5/28 A^{b} A^{c} A^{e} A^{f} A^{g} A^{h} \\partial_{e}(R^{a}_{c f i}) \\partial_{g}(R^{i}_{b h d}) -  5/28 A^{b} A^{c} A^{e} A^{f} A^{g} A^{h} \\partial_{e}(R^{a}_{c g i}) \\partial_{f}(R^{i}_{b h d}) -  5/28 A^{b} A^{c} A^{e} A^{f} A^{g} A^{h} \\partial_{e}(R^{a}_{c h i}) \\partial_{f}(R^{i}_{b g d}) -  1/7 A^{b} A^{c} A^{e} A^{f} A^{g} A^{h} R^{a}_{c e i} \\partial_{h f}(R^{i}_{b g d}) +  1/63 A^{b} A^{c} A^{e} A^{f} A^{g} A^{h} R^{a}_{c e i} R^{i}_{g f j} R^{j}_{b h d} +  1/63 A^{b} A^{c} A^{e} A^{f} A^{g} A^{h} R^{a}_{c e i} R^{i}_{g h j} R^{j}_{b f d} -  1/7 A^{b} A^{c} A^{e} A^{f} A^{g} A^{h} R^{i}_{b e d} \\partial_{h f}(R^{a}_{c g i}) +  1/63 A^{b} A^{c} A^{e} A^{f} A^{g} A^{h} R^{a}_{g f i} R^{j}_{b e d} R^{i}_{c h j} +  1/63 A^{b} A^{c} A^{e} A^{f} A^{g} A^{h} R^{a}_{g h i} R^{j}_{b e d} R^{i}_{c f j} -  5/28 A^{b} A^{c} A^{e} A^{f} A^{g} A^{h} \\partial_{e}(R^{i}_{b h d}) \\partial_{f}(R^{a}_{c g i}) -  5/28 A^{b} A^{c} A^{e} A^{f} A^{g} A^{h} \\partial_{e}(R^{i}_{b g d}) \\partial_{f}(R^{a}_{c h i}) -  2/7 A^{b} A^{c} A^{e} A^{f} A^{g} A^{h} R^{a}_{c f i} \\partial_{h e}(R^{i}_{b g d}) +  2/63 A^{b} A^{c} A^{e} A^{f} A^{g} A^{h} R^{a}_{c f i} R^{i}_{g e j} R^{j}_{b h d} +  2/63 A^{b} A^{c} A^{e} A^{f} A^{g} A^{h} R^{a}_{c f i} R^{i}_{g h j} R^{j}_{b e d} -  5/28 A^{b} A^{c} A^{e} A^{f} A^{g} A^{h} \\partial_{e}(R^{i}_{b f d}) \\partial_{g}(R^{a}_{c h i}) -  1/7 A^{b} A^{c} A^{e} A^{f} A^{g} A^{h} R^{a}_{c g i} \\partial_{h e}(R^{i}_{b f d}) +  1/63 A^{b} A^{c} A^{e} A^{f} A^{g} A^{h} R^{a}_{c g i} R^{i}_{f e j} R^{j}_{b h d} +  1/63 A^{b} A^{c} A^{e} A^{f} A^{g} A^{h} R^{a}_{c g i} R^{i}_{f h j} R^{j}_{b e d}"
}
