{
  "dRabcd01": "A^{c} A^{d} A^{e} \\nabla_{c}(R_{b d e f}) g^{a f}",
  "dRabcd02": "A^{c} A^{d} A^{e} A^{f} \\nabla_{c d}(R_{b e f g}) g^{a g}",
  "dRabcd03": " -  1/2 A^{c} A^{d} A^{e} A^{f} A^{g} R_{b c d h} \\nabla_{e}(R_{f i g j}) g^{a i} g^{h j} +  1/2 A^{c} A^{d} A^{e} A^{f} A^{g} R_{c h d i} \\nabla_{e}(R_{b f g j}) g^{a h} g^{i j} + A^{c} A^{d} A^{e} A^{f} A^{g} \\nabla_{c d e}(R_{b f g h}) g^{a h}",
  "dRabcd04": " -  7/5 A^{c} A^{d} A^{e} A^{f} A^{g} A^{h} R_{b c d i} \\nabla_{e f}(R_{g j h k}) g^{a j} g^{i k} +  7/5 A^{c} A^{d} A^{e} A^{f} A^{g} A^{h} R_{c i d j} \\nabla_{e f}(R_{b g h k}) g^{a i} g^{j k} + A^{c} A^{d} A^{e} A^{f} A^{g} A^{h} \\nabla_{c d e f}(R_{b g h i}) g^{a i}",
  "dRabcd05": "-2A^{c} A^{d} A^{e} A^{f} A^{g} A^{h} A^{i} \\nabla_{c}(R_{b d e j}) \\nabla_{f g}(R_{h k i l}) g^{a k} g^{j l} + 2A^{c} A^{d} A^{e} A^{f} A^{g} A^{h} A^{i} \\nabla_{c}(R_{d j e k}) \\nabla_{f g}(R_{b h i l}) g^{a j} g^{k l} -  8/3 A^{c} A^{d} A^{e} A^{f} A^{g} A^{h} A^{i} R_{b c d j} \\nabla_{e f g}(R_{h k i l}) g^{a k} g^{j l} +  8/3 A^{c} A^{d} A^{e} A^{f} A^{g} A^{h} A^{i} R_{c j d k} \\nabla_{e f g}(R_{b h i l}) g^{a j} g^{k l} +  1/3 A^{c} A^{d} A^{e} A^{f} A^{g} A^{h} A^{i} R_{b c d j} R_{e k f l} \\nabla_{g}(R_{h m i n}) g^{a m} g^{j k} g^{l n} + A^{c} A^{d} A^{e} A^{f} A^{g} A^{h} A^{i} R_{c j d k} R_{e l f m} \\nabla_{g}(R_{b h i n}) g^{a j} g^{k l} g^{m n} -  4/3 A^{c} A^{d} A^{e} A^{f} A^{g} A^{h} A^{i} R_{b c d j} R_{e k f l} \\nabla_{g}(R_{h m i n}) g^{a k} g^{j m} g^{l n} + A^{c} A^{d} A^{e} A^{f} A^{g} A^{h} A^{i} \\nabla_{c d e f g}(R_{b h i j}) g^{a j}"
}
