{
  "lsq2": "Dx^{a} Dx^{b} g_{a b} -  1/3 x^{a} x^{b} Dx^{c} Dx^{d} R_{a c b d}",
  "lsq3": "Dx^{a} Dx^{b} g_{a b} -  1/3 x^{a} x^{b} Dx^{c} Dx^{d} R_{a c b d} -  1/12 x^{a} x^{b} Dx^{c} Dx^{d} Dx^{e} \\nabla_{c}(R_{a d b e}) -  1/6 x^{a} x^{b} x^{c} Dx^{d} Dx^{e} \\nabla_{a}(R_{b d c e})",
  "lsq4": "Dx^{a} Dx^{b} g_{a b} -  1/3 x^{a} x^{b} Dx^{c} Dx^{d} R_{a c b d} -  1/12 x^{a} x^{b} Dx^{c} Dx^{d} Dx^{e} \\nabla_{c}(R_{a d b e}) -  1/6 x^{a} x^{b} x^{c} Dx^{d} Dx^{e} \\nabla_{a}(R_{b d c e}) -  1/45 x^{a} x^{b} Dx^{c} Dx^{d} Dx^{e} Dx^{f} g^{g h} R_{a c d g} R_{b e f h} +  2/45 x^{a} x^{b} x^{c} Dx^{d} Dx^{e} Dx^{f} g^{g h} R_{a d b g} R_{c e f h} -  1/40 x^{a} x^{b} x^{c} Dx^{d} Dx^{e} Dx^{f} \\nabla_{d a}(R_{b e c f}) -  1/40 x^{a} x^{b} x^{c} Dx^{d} Dx^{e} Dx^{f} \\nabla_{a d}(R_{b e c f}) -  1/60 x^{a} x^{b} Dx^{c} Dx^{d} Dx^{e} Dx^{f} \\nabla_{c d}(R_{a e b f}) +  2/45 x^{a} x^{b} x^{c} x^{d} Dx^{e} Dx^{f} g^{g h} R_{a e b g} R_{c f d h} -  1/20 x^{a} x^{b} x^{c} x^{d} Dx^{e} Dx^{f} \\nabla_{a b}(R_{c e d f})",
  "lsq5": "Dx^{a} Dx^{b} g_{a b} -  1/3 x^{a} x^{b} Dx^{c} Dx^{d} R_{a c b d} -  1/12 x^{a} x^{b} Dx^{c} Dx^{d} Dx^{e} \\nabla_{c}(R_{a d b e}) -  1/6 x^{a} x^{b} x^{c} Dx^{d} Dx^{e} \\nabla_{a}(R_{b d c e}) -  1/45 x^{a} x^{b} Dx^{c} Dx^{d} Dx^{e} Dx^{f} g^{g h} R_{a c d g} R_{b e f h} +  2/45 x^{a} x^{b} x^{c} Dx^{d} Dx^{e} Dx^{f} g^{g h} R_{a d b g} R_{c e f h} -  1/40 x^{a} x^{b} x^{c} Dx^{d} Dx^{e} Dx^{f} \\nabla_{d a}(R_{b e c f}) -  1/40 x^{a} x^{b} x^{c} Dx^{d} Dx^{e} Dx^{f} \\nabla_{a d}(R_{b e c f}) -  1/60 x^{a} x^{b} Dx^{c} Dx^{d} Dx^{e} Dx^{f} \\nabla_{c d}(R_{a e b f}) +  2/45 x^{a} x^{b} x^{c} x^{d} Dx^{e} Dx^{f} g^{g h} R_{a e b g} R_{c f d h} -  1/20 x^{a} x^{b} x^{c} x^{d} Dx^{e} Dx^{f} \\nabla_{a b}(R_{c e d f}) -  1/270 x^{a} x^{b} x^{c} Dx^{d} Dx^{e} Dx^{f} Dx^{g} g^{h i} R_{a d e h} \\nabla_{f}(R_{b g c i}) -  1/45 x^{a} x^{b} x^{c} Dx^{d} Dx^{e} Dx^{f} Dx^{g} g^{h i} R_{a d e h} \\nabla_{b}(R_{c f g i}) +  1/108 x^{a} x^{b} x^{c} Dx^{d} Dx^{e} Dx^{f} Dx^{g} g^{h i} R_{a d e h} \\nabla_{i}(R_{b f c g}) -  1/60 x^{a} x^{b} Dx^{c} Dx^{d} Dx^{e} Dx^{f} Dx^{g} g^{h i} R_{a c d h} \\nabla_{e}(R_{b f g i}) +  1/45 x^{a} x^{b} x^{c} x^{d} Dx^{e} Dx^{f} Dx^{g} g^{h i} R_{a e f h} \\nabla_{b}(R_{c g d i}) +  1/45 x^{a} x^{b} x^{c} x^{d} Dx^{e} Dx^{f} Dx^{g} g^{h i} R_{a e b h} \\nabla_{f}(R_{c g d i}) +  1/45 x^{a} x^{b} x^{c} x^{d} Dx^{e} Dx^{f} Dx^{g} g^{h i} R_{a e b h} \\nabla_{c}(R_{d f g i}) -  1/180 x^{a} x^{b} x^{c} x^{d} Dx^{e} Dx^{f} Dx^{g} \\nabla_{e a b}(R_{c f d g}) -  1/180 x^{a} x^{b} x^{c} x^{d} Dx^{e} Dx^{f} Dx^{g} \\nabla_{a e b}(R_{c f d g}) -  1/180 x^{a} x^{b} x^{c} x^{d} Dx^{e} Dx^{f} Dx^{g} \\nabla_{a b e}(R_{c f d g}) +  2/135 x^{a} x^{b} x^{c} Dx^{d} Dx^{e} Dx^{f} Dx^{g} g^{h i} R_{a d b h} \\nabla_{e}(R_{c f g i}) -  1/270 x^{a} x^{b} x^{c} Dx^{d} Dx^{e} Dx^{f} Dx^{g} \\nabla_{d e a}(R_{b f c g}) -  1/270 x^{a} x^{b} x^{c} Dx^{d} Dx^{e} Dx^{f} Dx^{g} \\nabla_{d a e}(R_{b f c g}) -  1/270 x^{a} x^{b} x^{c} Dx^{d} Dx^{e} Dx^{f} Dx^{g} \\nabla_{a d e}(R_{b f c g}) -  1/360 x^{a} x^{b} Dx^{c} Dx^{d} Dx^{e} Dx^{f} Dx^{g} \\nabla_{c d e}(R_{a f b g}) +  2/45 x^{a} x^{b} x^{c} x^{d} x^{e} Dx^{f} Dx^{g} g^{h i} R_{a f b h} \\nabla_{c}(R_{d g e i}) -  1/90 x^{a} x^{b} x^{c} x^{d} x^{e} Dx^{f} Dx^{g} \\nabla_{a b c}(R_{d f e g})",
  "lsq50": "Dx^{a} Dx^{b} g_{a b}",
  "lsq52": " -  1/3 x^{a} x^{b} Dx^{c} Dx^{d} R_{a c b d}",
  "lsq53": " -  1/12 x^{a} x^{b} Dx^{c} Dx^{d} Dx^{e} \\nabla_{c}(R_{a d b e}) -  1/6 x^{a} x^{b} x^{c} Dx^{d} Dx^{e} \\nabla_{a}(R_{b d c e})",
  "lsq54": " -  1/45 x^{a} x^{b} Dx^{c} Dx^{d} Dx^{e} Dx^{f} g^{g h} R_{a c d g} R_{b e f h} +  2/45 x^{a} x^{b} x^{c} Dx^{d} Dx^{e} Dx^{f} g^{g h} R_{a d b g} R_{c e f h} -  1/40 x^{a} x^{b} x^{c} Dx^{d} Dx^{e} Dx^{f} \\nabla_{d a}(R_{b e c f}) -  1/40 x^{a} x^{b} x^{c} Dx^{d} Dx^{e} Dx^{f} \\nabla_{a d}(R_{b e c f}) -  1/60 x^{a} x^{b} Dx^{c} Dx^{d} Dx^{e} Dx^{f} \\nabla_{c d}(R_{a e b f}) +  2/45 x^{a} x^{b} x^{c} x^{d} Dx^{e} Dx^{f} g^{g h} R_{a e b g} R_{c f d h} -  1/20 x^{a} x^{b} x^{c} x^{d} Dx^{e} Dx^{f} \\nabla_{a b}(R_{c e d f})",
  "lsq55": " -  1/270 x^{a} x^{b} x^{c} Dx^{d} Dx^{e} Dx^{f} Dx^{g} g^{h i} R_{a d e h} \\nabla_{f}(R_{b g c i}) -  1/45 x^{a} x^{b} x^{c} Dx^{d} Dx^{e} Dx^{f} Dx^{g} g^{h i} R_{a d e h} \\nabla_{b}(R_{c f g i}) +  1/108 x^{a} x^{b} x^{c} Dx^{d} Dx^{e} Dx^{f} Dx^{g} g^{h i} R_{a d e h} \\nabla_{i}(R_{b f c g}) -  1/60 x^{a} x^{b} Dx^{c} Dx^{d} Dx^{e} Dx^{f} Dx^{g} g^{h i} R_{a c d h} \\nabla_{e}(R_{b f g i}) +  1/45 x^{a} x^{b} x^{c} x^{d} Dx^{e} Dx^{f} Dx^{g} g^{h i} R_{a e f h} \\nabla_{b}(R_{c g d i}) +  1/45 x^{a} x^{b} x^{c} x^{d} Dx^{e} Dx^{f} Dx^{g} g^{h i} R_{a e b h} \\nabla_{f}(R_{c g d i}) +  1/45 x^{a} x^{b} x^{c} x^{d} Dx^{e} Dx^{f} Dx^{g} g^{h i} R_{a e b h} \\nabla_{c}(R_{d f g i}) -  1/180 x^{a} x^{b} x^{c} x^{d} Dx^{e} Dx^{f} Dx^{g} \\nabla_{e a b}(R_{c f d g}) -  1/180 x^{a} x^{b} x^{c} x^{d} Dx^{e} Dx^{f} Dx^{g} \\nabla_{a e b}(R_{c f d g}) -  1/180 x^{a} x^{b} x^{c} x^{d} Dx^{e} Dx^{f} Dx^{g} \\nabla_{a b e}(R_{c f d g}) +  2/135 x^{a} x^{b} x^{c} Dx^{d} Dx^{e} Dx^{f} Dx^{g} g^{h i} R_{a d b h} \\nabla_{e}(R_{c f g i}) -  1/270 x^{a} x^{b} x^{c} Dx^{d} Dx^{e} Dx^{f} Dx^{g} \\nabla_{d e a}(R_{b f c g}) -  1/270 x^{a} x^{b} x^{c} Dx^{d} Dx^{e} Dx^{f} Dx^{g} \\nabla_{d a e}(R_{b f c g}) -  1/270 x^{a} x^{b} x^{c} Dx^{d} Dx^{e} Dx^{f} Dx^{g} \\nabla_{a d e}(R_{b f c g}) -  1/360 x^{a} x^{b} Dx^{c} Dx^{d} Dx^{e} Dx^{f} Dx^{g} \\nabla_{c d e}(R_{a f b g}) +  2/45 x^{a} x^{b} x^{c} x^{d} x^{e} Dx^{f} Dx^{g} g^{h i} R_{a f b h} \\nabla_{c}(R_{d g e i}) -  1/90 x^{a} x^{b} x^{c} x^{d} x^{e} Dx^{f} Dx^{g} \\nabla_{a b c}(R_{d f e g})"
}
